Testing insert into student_resources...
Instructor: f49b9b88-2928-49ae-90d9-a72d55c79d37, Student: f9636c5d-bddd-4d1b-b43e-e9297ca709f2
node.exe : Γ¥î Insert 
failed: Could not find 
the table 'public.stude
nt_resources' in the 
schema cache null 
Perhaps you meant the 
table 'public.v_student
_resources'
At line:1 char:1
+ & "D:\/node.exe" "D:\
/node_modules/npm/bin/n
px-cli.js" tsx 
test-resou ...
+ ~~~~~~~~~~~~~~~~~~~~~
~~~~~~~~~~~~~~~~~~~~~~~
~~~~~~~~~~~~~~~~~~~~~~~
~~
    + CategoryInfo     
         : NotSpecifi  
  ed: (Γ¥î Insert fa   
 il...dent_resource    
s':String) [], Rem    
oteException
    + FullyQualifiedEr 
   rorId : NativeComm  
  andError
 
